// Jest Snapshot v1, https://goo.gl/fbAQLP

exports[`Post renders correctly 1`] = `
<View
  accessibilityState={
    {
      "busy": undefined,
      "checked": undefined,
      "disabled": undefined,
      "expanded": undefined,
      "selected": undefined,
    }
  }
  accessibilityValue={
    {
      "max": undefined,
      "min": undefined,
      "now": undefined,
      "text": undefined,
    }
  }
  accessible={true}
  collapsable={false}
  focusable={true}
  onClick={[Function]}
  onResponderGrant={[Function]}
  onResponderMove={[Function]}
  onResponderRelease={[Function]}
  onResponderTerminate={[Function]}
  onResponderTerminationRequest={[Function]}
  onStartShouldSetResponder={[Function]}
  style={
    {
      "opacity": 1,
    }
  }
>
  <View
    style={
      {
        "marginBottom": 15,
        "overflow": "hidden",
      }
    }
  >
    <View
      accessibilityIgnoresInvertColors={true}
      style={
        {
          "height": 200,
          "width": "100%",
        }
      }
    >
      <Image
        source={
          {
            "uri": "file:///data/user/0/host.exp.exponent/cache/ExperienceData/%2540marynanakvas%252Fblog-app-react-native/ImagePicker/3758d3f5-1b83-45ca-b709-b8ef528b04b0.jpeg",
          }
        }
        style={
          [
            {
              "bottom": 0,
              "left": 0,
              "position": "absolute",
              "right": 0,
              "top": 0,
            },
            {
              "height": 200,
              "width": "100%",
            },
            undefined,
          ]
        }
      />
      <View
        style={
          {
            "alignItems": "center",
            "backgroundColor": "rgba(0, 0, 0, 0.5)",
            "paddingVertical": 5,
            "width": "100%",
          }
        }
      >
        <Text
          style={
            {
              "color": "#fff",
              "fontFamily": "open-regular",
            }
          }
        >
          7/20/2023
        </Text>
      </View>
    </View>
  </View>
</View>
`;
